[
   {
      "activity_name": "FITSIndexWriter",
      "activity_uuid": "c4ed07c8-e672-4c3e-8f2e-fec1de82a098",
      "start": {
         "time_utc": "2026-03-05T12:33:39.949"
      },
      "stop": {
         "time_utc": "2026-03-05T12:33:40.111"
      },
      "system": {
         "ctapipe_version": "0.19.3",
         "ctapipe_resources_version": "not installed",
         "eventio_version": "1.16.1",
         "ctapipe_svc_path": null,
         "executable": "/home/jjimenezq/anaconda3/envs/tilepyenv/bin/python3.11",
         "platform": {
            "architecture_bits": "64bit",
            "architecture_linkage": "ELF",
            "machine": "x86_64",
            "processor": "x86_64",
            "node": "juan",
            "version": "#101~22.04.1-Ubuntu SMP PREEMPT_DYNAMIC Wed Feb 11 13:19:54 UTC ",
            "system": "Linux",
            "release": "6.8.0-101-generic",
            "libcver": [
               "glibc",
               "2.35"
            ],
            "n_cpus": 12,
            "boot_time": "2026-02-27T21:00:22.000"
         },
         "python": {
            "version_string": "3.11.14 | packaged by conda-forge | (main, Jan 26 2026, 23:48:32) [GCC 14.3.0]",
            "version": [
               "3",
               "11",
               "14"
            ],
            "compiler": "GCC 14.3.0",
            "implementation": "CPython",
            "packages": [
               {
                  "name": "BAccMod",
                  "version": "0.4.0"
               },
               {
                  "name": "Bottleneck",
                  "version": "1.6.0"
               },
               {
                  "name": "Brotli",
                  "version": "1.2.0"
               },
               {
                  "name": "Deprecated",
                  "version": "1.3.1"
               },
               {
                  "name": "Jinja2",
                  "version": "3.0.3"
               },
               {
                  "name": "MarkupSafe",
                  "version": "3.0.3"
               },
               {
                  "name": "PIMS",
                  "version": "0.7"
               },
               {
                  "name": "PyAVM",
                  "version": "0.9.8"
               },
               {
                  "name": "PyJWT",
                  "version": "2.11.0"
               },
               {
                  "name": "PyNaCl",
                  "version": "1.6.2"
               },
               {
                  "name": "PyQt5",
                  "version": "5.15.11"
               },
               {
                  "name": "PyQt5_sip",
                  "version": "12.17.0"
               },
               {
                  "name": "PySocks",
                  "version": "1.7.1"
               },
               {
                  "name": "PyYAML",
                  "version": "6.0.3"
               },
               {
                  "name": "Pygments",
                  "version": "2.19.2"
               },
               {
                  "name": "SciPy",
                  "version": "1.11.4"
               },
               {
                  "name": "SecretStorage",
                  "version": "3.4.1"
               },
               {
                  "name": "Send2Trash",
                  "version": "2.1.0"
               },
               {
                  "name": "aiobotocore",
                  "version": "3.2.0"
               },
               {
                  "name": "aiohappyeyeballs",
                  "version": "2.6.1"
               },
               {
                  "name": "aiohttp",
                  "version": "3.13.3"
               },
               {
                  "name": "aioitertools",
                  "version": "0.13.0"
               },
               {
                  "name": "aiosignal",
                  "version": "1.4.0"
               },
               {
                  "name": "annotated-types",
                  "version": "0.7.0"
               },
               {
                  "name": "anyio",
                  "version": "4.12.1"
               },
               {
                  "name": "argon2-cffi",
                  "version": "25.1.0"
               },
               {
                  "name": "argon2-cffi-bindings",
                  "version": "25.1.0"
               },
               {
                  "name": "arrow",
                  "version": "1.4.0"
               },
               {
                  "name": "astroplan",
                  "version": "0.10.1"
               },
               {
                  "name": "astropy",
                  "version": "5.3.4"
               },
               {
                  "name": "astropy-iers-data",
                  "version": "0.2026.2.23.0.48.33"
               },
               {
                  "name": "astropy_healpix",
                  "version": "1.1.3"
               },
               {
                  "name": "astroquery",
                  "version": "0.4.11"
               },
               {
                  "name": "asttokens",
                  "version": "3.0.1"
               },
               {
                  "name": "async-lru",
                  "version": "2.2.0"
               },
               {
                  "name": "attrs",
                  "version": "25.4.0"
               },
               {
                  "name": "autocommand",
                  "version": "2.2.2"
               },
               {
                  "name": "babel",
                  "version": "2.18.0"
               },
               {
                  "name": "backports.tarfile",
                  "version": "1.2.0"
               },
               {
                  "name": "backports.tarfile",
                  "version": "1.2.0"
               },
               {
                  "name": "backports.zstd",
                  "version": "1.3.0"
               },
               {
                  "name": "bcrypt",
                  "version": "5.0.0"
               },
               {
                  "name": "beautifulsoup4",
                  "version": "4.14.3"
               },
               {
                  "name": "black",
                  "version": "26.1.0"
               },
               {
                  "name": "bleach",
                  "version": "6.3.0"
               },
               {
                  "name": "blosc2",
                  "version": "4.1.1"
               },
               {
                  "name": "bokeh",
                  "version": "2.4.3"
               },
               {
                  "name": "botocore",
                  "version": "1.42.55"
               },
               {
                  "name": "bqplot",
                  "version": "0.12.45"
               },
               {
                  "name": "cached-property",
                  "version": "1.5.2"
               },
               {
                  "name": "cdshealpix",
                  "version": "0.8.0"
               },
               {
                  "name": "certifi",
                  "version": "2026.2.25"
               },
               {
                  "name": "cffi",
                  "version": "2.0.0"
               },
               {
                  "name": "charset-normalizer",
                  "version": "3.4.4"
               },
               {
                  "name": "click",
                  "version": "8.3.1"
               },
               {
                  "name": "cloudpickle",
                  "version": "3.1.2"
               },
               {
                  "name": "colorama",
                  "version": "0.4.6"
               },
               {
                  "name": "comm",
                  "version": "0.2.3"
               },
               {
                  "name": "contourpy",
                  "version": "1.3.3"
               },
               {
                  "name": "corsikaio",
                  "version": "0.5.0"
               },
               {
                  "name": "coverage",
                  "version": "7.13.4"
               },
               {
                  "name": "cramjam",
                  "version": "2.11.0"
               },
               {
                  "name": "cryptography",
                  "version": "46.0.5"
               },
               {
                  "name": "ctapipe",
                  "version": "0.19.3"
               },
               {
                  "name": "ctapipe_io_lst",
                  "version": "0.22.6"
               },
               {
                  "name": "ctaplot",
                  "version": "0.6.5"
               },
               {
                  "name": "cycler",
                  "version": "0.12.1"
               },
               {
                  "name": "cytoolz",
                  "version": "1.1.0"
               },
               {
                  "name": "dask",
                  "version": "2023.3.0"
               },
               {
                  "name": "dask-image",
                  "version": "0.0.0"
               },
               {
                  "name": "dateparser",
                  "version": "1.3.0"
               },
               {
                  "name": "debugpy",
                  "version": "1.8.20"
               },
               {
                  "name": "decorator",
                  "version": "5.2.1"
               },
               {
                  "name": "defusedxml",
                  "version": "0.7.1"
               },
               {
                  "name": "distributed",
                  "version": "2023.3.0"
               },
               {
                  "name": "dnspython",
                  "version": "2.8.0"
               },
               {
                  "name": "docutils",
                  "version": "0.22.4"
               },
               {
                  "name": "donfig",
                  "version": "0.8.1.post1"
               },
               {
                  "name": "dqsegdb2",
                  "version": "1.3.0"
               },
               {
                  "name": "ephem",
                  "version": "4.2.1"
               },
               {
                  "name": "eventio",
                  "version": "1.16.1"
               },
               {
                  "name": "exceptiongroup",
                  "version": "1.3.1"
               },
               {
                  "name": "executing",
                  "version": "2.2.1"
               },
               {
                  "name": "fastjsonschema",
                  "version": "2.21.2"
               },
               {
                  "name": "fastparquet",
                  "version": "2025.12.0"
               },
               {
                  "name": "fonttools",
                  "version": "4.61.1"
               },
               {
                  "name": "fqdn",
                  "version": "1.5.1"
               },
               {
                  "name": "frozenlist",
                  "version": "1.7.0"
               },
               {
                  "name": "fsspec",
                  "version": "2026.2.0"
               },
               {
                  "name": "future",
                  "version": "1.0.0"
               },
               {
                  "name": "gammapy",
                  "version": "1.3"
               },
               {
                  "name": "gammapy",
                  "version": "2.0.1"
               },
               {
                  "name": "gast",
                  "version": "0.4.0"
               },
               {
                  "name": "gdpyc",
                  "version": "1.1"
               },
               {
                  "name": "google-crc32c",
                  "version": "1.8.0"
               },
               {
                  "name": "gssapi",
                  "version": "1.11.1"
               },
               {
                  "name": "gwdatafind",
                  "version": "2.1.1"
               },
               {
                  "name": "gwosc",
                  "version": "0.8.1"
               },
               {
                  "name": "gwpy",
                  "version": "3.0.14"
               },
               {
                  "name": "h11",
                  "version": "0.16.0"
               },
               {
                  "name": "h2",
                  "version": "4.3.0"
               },
               {
                  "name": "h5py",
                  "version": "3.15.1"
               },
               {
                  "name": "healpy",
                  "version": "1.16.2"
               },
               {
                  "name": "hpack",
                  "version": "4.1.0"
               },
               {
                  "name": "htgettoken",
                  "version": "2.6"
               },
               {
                  "name": "html5lib",
                  "version": "1.1"
               },
               {
                  "name": "httpcore",
                  "version": "1.0.9"
               },
               {
                  "name": "httpx",
                  "version": "0.28.1"
               },
               {
                  "name": "hyperframe",
                  "version": "6.1.0"
               },
               {
                  "name": "idna",
                  "version": "3.11"
               },
               {
                  "name": "igwn-auth-utils",
                  "version": "1.4.0"
               },
               {
                  "name": "igwn-ligolw",
                  "version": "2.1.1"
               },
               {
                  "name": "igwn-segments",
                  "version": "2.1.1"
               },
               {
                  "name": "imagecodecs",
                  "version": "2026.1.14"
               },
               {
                  "name": "imageio",
                  "version": "2.37.0"
               },
               {
                  "name": "iminuit",
                  "version": "2.32.0"
               },
               {
                  "name": "importlib_metadata",
                  "version": "8.7.0"
               },
               {
                  "name": "importlib_metadata",
                  "version": "8.7.1"
               },
               {
                  "name": "importlib_resources",
                  "version": "6.5.2"
               },
               {
                  "name": "iniconfig",
                  "version": "2.3.0"
               },
               {
                  "name": "invoke",
                  "version": "2.2.1"
               },
               {
                  "name": "ipydatagrid",
                  "version": "1.4.0"
               },
               {
                  "name": "ipykernel",
                  "version": "7.2.0"
               },
               {
                  "name": "ipympl",
                  "version": "0.10.0"
               },
               {
                  "name": "ipython",
                  "version": "9.10.0"
               },
               {
                  "name": "ipython_pygments_lexers",
                  "version": "1.1.1"
               },
               {
                  "name": "ipywidgets",
                  "version": "8.1.8"
               },
               {
                  "name": "isodate",
                  "version": "0.7.2"
               },
               {
                  "name": "isoduration",
                  "version": "20.11.0"
               },
               {
                  "name": "jaraco.classes",
                  "version": "3.4.0"
               },
               {
                  "name": "jaraco.context",
                  "version": "6.1.0"
               },
               {
                  "name": "jaraco.context",
                  "version": "6.1.0"
               },
               {
                  "name": "jaraco.functools",
                  "version": "4.4.0"
               },
               {
                  "name": "jaraco.functools",
                  "version": "4.4.0"
               },
               {
                  "name": "jaraco.text",
                  "version": "4.0.0"
               },
               {
                  "name": "jedi",
                  "version": "0.19.2"
               },
               {
                  "name": "jeepney",
                  "version": "0.9.0"
               },
               {
                  "name": "jmespath",
                  "version": "1.1.0"
               },
               {
                  "name": "joblib",
                  "version": "1.2.0"
               },
               {
                  "name": "joblib",
                  "version": "1.5.3"
               },
               {
                  "name": "jplephem",
                  "version": "2.24"
               },
               {
                  "name": "json5",
                  "version": "0.13.0"
               },
               {
                  "name": "json_tricks",
                  "version": "3.17.3"
               },
               {
                  "name": "jsonpointer",
                  "version": "3.0.0"
               },
               {
                  "name": "jsonschema",
                  "version": "4.26.0"
               },
               {
                  "name": "jsonschema-specifications",
                  "version": "2025.9.1"
               },
               {
                  "name": "jupyter",
                  "version": "1.1.1"
               },
               {
                  "name": "jupyter-console",
                  "version": "6.6.3"
               },
               {
                  "name": "jupyter-events",
                  "version": "0.12.0"
               },
               {
                  "name": "jupyter-lsp",
                  "version": "2.3.0"
               },
               {
                  "name": "jupyter_client",
                  "version": "8.8.0"
               },
               {
                  "name": "jupyter_core",
                  "version": "5.9.1"
               },
               {
                  "name": "jupyter_server",
                  "version": "2.17.0"
               },
               {
                  "name": "jupyter_server_terminals",
                  "version": "0.5.4"
               },
               {
                  "name": "jupyterlab",
                  "version": "4.5.5"
               },
               {
                  "name": "jupyterlab_pygments",
                  "version": "0.3.0"
               },
               {
                  "name": "jupyterlab_server",
                  "version": "2.28.0"
               },
               {
                  "name": "jupyterlab_widgets",
                  "version": "3.0.16"
               },
               {
                  "name": "keyring",
                  "version": "25.7.0"
               },
               {
                  "name": "kiwisolver",
                  "version": "1.4.9"
               },
               {
                  "name": "lark",
                  "version": "1.3.1"
               },
               {
                  "name": "ligo-gracedb",
                  "version": "2.14.3"
               },
               {
                  "name": "ligo-segments",
                  "version": "1.4.0"
               },
               {
                  "name": "ligo.skymap",
                  "version": "2.0.0"
               },
               {
                  "name": "ligotimegps",
                  "version": "2.1.0"
               },
               {
                  "name": "llvmlite",
                  "version": "0.46.0"
               },
               {
                  "name": "locket",
                  "version": "1.0.0"
               },
               {
                  "name": "lscsoft-glue",
                  "version": "4.1.1"
               },
               {
                  "name": "lstchain",
                  "version": "0.10.7"
               },
               {
                  "name": "lz4",
                  "version": "4.4.5"
               },
               {
                  "name": "matplotlib",
                  "version": "3.7.3"
               },
               {
                  "name": "matplotlib-inline",
                  "version": "0.2.1"
               },
               {
                  "name": "mhealpy",
                  "version": "0.3.7"
               },
               {
                  "name": "minio",
                  "version": "7.2.20"
               },
               {
                  "name": "mistune",
                  "version": "3.2.0"
               },
               {
                  "name": "mocpy",
                  "version": "0.19.1"
               },
               {
                  "name": "more-itertools",
                  "version": "10.8.0"
               },
               {
                  "name": "more-itertools",
                  "version": "10.8.0"
               },
               {
                  "name": "mpmath",
                  "version": "1.4.0"
               },
               {
                  "name": "msgpack",
                  "version": "1.1.2"
               },
               {
                  "name": "multidict",
                  "version": "6.7.1"
               },
               {
                  "name": "munkres",
                  "version": "1.1.4"
               },
               {
                  "name": "mypy_extensions",
                  "version": "1.1.0"
               },
               {
                  "name": "narwhals",
                  "version": "2.17.0"
               },
               {
                  "name": "nbclient",
                  "version": "0.10.4"
               },
               {
                  "name": "nbconvert",
                  "version": "7.17.0"
               },
               {
                  "name": "nbformat",
                  "version": "5.10.4"
               },
               {
                  "name": "ndindex",
                  "version": "1.10.1"
               },
               {
                  "name": "nest_asyncio",
                  "version": "1.6.0"
               },
               {
                  "name": "networkx",
                  "version": "3.4.2"
               },
               {
                  "name": "notebook",
                  "version": "7.5.4"
               },
               {
                  "name": "notebook_shim",
                  "version": "0.2.4"
               },
               {
                  "name": "numba",
                  "version": "0.64.0"
               },
               {
                  "name": "numcodecs",
                  "version": "0.16.5"
               },
               {
                  "name": "numexpr",
                  "version": "2.14.1"
               },
               {
                  "name": "numpy",
                  "version": "1.26.4"
               },
               {
                  "name": "oda_api",
                  "version": "1.2.28"
               },
               {
                  "name": "overrides",
                  "version": "7.7.0"
               },
               {
                  "name": "packaging",
                  "version": "26.0"
               },
               {
                  "name": "packaging",
                  "version": "26.0"
               },
               {
                  "name": "pandas",
                  "version": "2.3.3"
               },
               {
                  "name": "pandocfilters",
                  "version": "1.5.0"
               },
               {
                  "name": "paramiko",
                  "version": "4.0.0"
               },
               {
                  "name": "parso",
                  "version": "0.8.6"
               },
               {
                  "name": "partd",
                  "version": "1.4.2"
               },
               {
                  "name": "pathspec",
                  "version": "1.0.4"
               },
               {
                  "name": "patsy",
                  "version": "1.0.2"
               },
               {
                  "name": "pexpect",
                  "version": "4.9.0"
               },
               {
                  "name": "pillow",
                  "version": "12.1.1"
               },
               {
                  "name": "pip",
                  "version": "26.0.1"
               },
               {
                  "name": "platformdirs",
                  "version": "4.9.2"
               },
               {
                  "name": "platformdirs",
                  "version": "4.4.0"
               },
               {
                  "name": "pluggy",
                  "version": "1.6.0"
               },
               {
                  "name": "ply",
                  "version": "3.11"
               },
               {
                  "name": "prometheus_client",
                  "version": "0.24.1"
               },
               {
                  "name": "prompt_toolkit",
                  "version": "3.0.52"
               },
               {
                  "name": "propcache",
                  "version": "0.3.1"
               },
               {
                  "name": "protobuf",
                  "version": "3.20.3"
               },
               {
                  "name": "protozfits",
                  "version": "2.3.0"
               },
               {
                  "name": "psutil",
                  "version": "7.2.2"
               },
               {
                  "name": "ptemcee",
                  "version": "1.0.0"
               },
               {
                  "name": "ptyprocess",
                  "version": "0.7.0"
               },
               {
                  "name": "pure_eval",
                  "version": "0.2.3"
               },
               {
                  "name": "py-cpuinfo",
                  "version": "9.0.0"
               },
               {
                  "name": "py2vega",
                  "version": "0.6.1"
               },
               {
                  "name": "pycparser",
                  "version": "2.22"
               },
               {
                  "name": "pycryptodome",
                  "version": "3.23.0"
               },
               {
                  "name": "pydantic",
                  "version": "2.12.5"
               },
               {
                  "name": "pydantic_core",
                  "version": "2.41.5"
               },
               {
                  "name": "pyerfa",
                  "version": "2.0.1.5"
               },
               {
                  "name": "pyirf",
                  "version": "0.10.1"
               },
               {
                  "name": "pymongo",
                  "version": "4.16.0"
               },
               {
                  "name": "pyparsing",
                  "version": "3.3.2"
               },
               {
                  "name": "pytest",
                  "version": "9.0.2"
               },
               {
                  "name": "pytest-cov",
                  "version": "7.0.0"
               },
               {
                  "name": "pytest-runner",
                  "version": "6.0.0"
               },
               {
                  "name": "python-dateutil",
                  "version": "2.9.0.post0"
               },
               {
                  "name": "python-json-logger",
                  "version": "2.0.7"
               },
               {
                  "name": "python-ligo-lw",
                  "version": "1.8.3"
               },
               {
                  "name": "pytokens",
                  "version": "0.4.1"
               },
               {
                  "name": "pytz",
                  "version": "2025.2"
               },
               {
                  "name": "pyvo",
                  "version": "1.8.1"
               },
               {
                  "name": "pyzmq",
                  "version": "27.1.0"
               },
               {
                  "name": "rdflib",
                  "version": "7.6.0"
               },
               {
                  "name": "referencing",
                  "version": "0.37.0"
               },
               {
                  "name": "regex",
                  "version": "2026.2.28"
               },
               {
                  "name": "regions",
                  "version": "0.10"
               },
               {
                  "name": "reproject",
                  "version": "0.18.0"
               },
               {
                  "name": "requests",
                  "version": "2.32.5"
               },
               {
                  "name": "rfc3339_validator",
                  "version": "0.1.4"
               },
               {
                  "name": "rfc3986-validator",
                  "version": "0.1.1"
               },
               {
                  "name": "rfc3987-syntax",
                  "version": "1.1.0"
               },
               {
                  "name": "rpds-py",
                  "version": "0.30.0"
               },
               {
                  "name": "s3fs",
                  "version": "2026.2.0"
               },
               {
                  "name": "safe-netrc",
                  "version": "1.0.1"
               },
               {
                  "name": "scikit-learn",
                  "version": "1.7.2"
               },
               {
                  "name": "scikit-learn",
                  "version": "1.8.0"
               },
               {
                  "name": "scitokens",
                  "version": "1.8.1"
               },
               {
                  "name": "seaborn",
                  "version": "0.13.2"
               },
               {
                  "name": "setuptools",
                  "version": "69.5.1"
               },
               {
                  "name": "setuptools",
                  "version": "82.0.0"
               },
               {
                  "name": "setuptools-scm",
                  "version": "9.2.2"
               },
               {
                  "name": "sgp4",
                  "version": "2.25"
               },
               {
                  "name": "shapely",
                  "version": "2.1.2"
               },
               {
                  "name": "sip",
                  "version": "6.10.0"
               },
               {
                  "name": "six",
                  "version": "1.17.0"
               },
               {
                  "name": "skyfield",
                  "version": "1.54"
               },
               {
                  "name": "slicerator",
                  "version": "1.1.0"
               },
               {
                  "name": "sniffio",
                  "version": "1.3.1"
               },
               {
                  "name": "sortedcontainers",
                  "version": "2.4.0"
               },
               {
                  "name": "soupsieve",
                  "version": "2.8.3"
               },
               {
                  "name": "stack_data",
                  "version": "0.6.3"
               },
               {
                  "name": "statsmodels",
                  "version": "0.14.6"
               },
               {
                  "name": "tables",
                  "version": "3.11.1"
               },
               {
                  "name": "tblib",
                  "version": "3.2.2"
               },
               {
                  "name": "terminado",
                  "version": "0.18.1"
               },
               {
                  "name": "threadpoolctl",
                  "version": "3.6.0"
               },
               {
                  "name": "tifffile",
                  "version": "2026.2.24"
               },
               {
                  "name": "tilepy",
                  "version": "3.0.2.dev47+g31c804d84"
               },
               {
                  "name": "tinycss2",
                  "version": "1.4.0"
               },
               {
                  "name": "toml",
                  "version": "0.10.2"
               },
               {
                  "name": "tomli",
                  "version": "2.4.0"
               },
               {
                  "name": "tomli",
                  "version": "2.4.0"
               },
               {
                  "name": "toolz",
                  "version": "1.1.0"
               },
               {
                  "name": "tornado",
                  "version": "6.5.4"
               },
               {
                  "name": "tqdm",
                  "version": "4.67.3"
               },
               {
                  "name": "traitlets",
                  "version": "5.14.3"
               },
               {
                  "name": "traittypes",
                  "version": "0.2.3"
               },
               {
                  "name": "typing-inspection",
                  "version": "0.4.2"
               },
               {
                  "name": "typing_extensions",
                  "version": "4.15.0"
               },
               {
                  "name": "typing_utils",
                  "version": "0.1.0"
               },
               {
                  "name": "tzdata",
                  "version": "2025.3"
               },
               {
                  "name": "tzlocal",
                  "version": "5.3.1"
               },
               {
                  "name": "uncompresspy",
                  "version": "0.4.1"
               },
               {
                  "name": "unicodedata2",
                  "version": "17.0.1"
               },
               {
                  "name": "uri-template",
                  "version": "1.3.0"
               },
               {
                  "name": "urllib3",
                  "version": "2.6.3"
               },
               {
                  "name": "wcwidth",
                  "version": "0.6.0"
               },
               {
                  "name": "webcolors",
                  "version": "25.10.0"
               },
               {
                  "name": "webencodings",
                  "version": "0.5.1"
               },
               {
                  "name": "websocket-client",
                  "version": "1.9.0"
               },
               {
                  "name": "wheel",
                  "version": "0.46.3"
               },
               {
                  "name": "wheel",
                  "version": "0.46.3"
               },
               {
                  "name": "widgetsnbextension",
                  "version": "4.0.15"
               },
               {
                  "name": "wrapt",
                  "version": "2.1.1"
               },
               {
                  "name": "xyzservices",
                  "version": "2025.11.0"
               },
               {
                  "name": "yarl",
                  "version": "1.23.0"
               },
               {
                  "name": "zarr",
                  "version": "3.1.5"
               },
               {
                  "name": "zict",
                  "version": "3.0.0"
               },
               {
                  "name": "zipp",
                  "version": "3.23.0"
               },
               {
                  "name": "zipp",
                  "version": "3.23.0"
               },
               {
                  "name": "zstandard",
                  "version": "0.25.0"
               }
            ]
         },
         "environment": {
            "CONDA_DEFAULT_ENV": "tilepyenv",
            "CONDA_PREFIX": "/home/jjimenezq/anaconda3/envs/tilepyenv",
            "CONDA_PYTHON_EXE": "/home/jjimenezq/anaconda3/bin/python",
            "CONDA_EXE": "/home/jjimenezq/anaconda3/bin/conda",
            "CONDA_PROMPT_MODIFIER": "(tilepyenv) ",
            "CONDA_SHLVL": "2",
            "PATH": "/home/jjimenezq/anaconda3/envs/tilepyenv/bin:/home/jjimenezq/anaconda3/condabin:/home/jjimenezq/bin:/usr/local/sbin:/usr/local/bin:/usr/sbin:/usr/bin:/sbin:/bin:/usr/games:/usr/local/games:/snap/bin:/snap/bin",
            "LD_LIBRARY_PATH": null,
            "DYLD_LIBRARY_PATH": null,
            "USER": "jjimenezq",
            "HOME": "/home/jjimenezq",
            "SHELL": "/bin/bash"
         },
         "arguments": [
            "/home/jjimenezq/anaconda3/envs/tilepyenv/bin/lstchain_create_dl3_index_files",
            "--input-dl3-dir=output_sim/GW190412",
            "--file-pattern=dl3*fits",
            "--overwrite"
         ],
         "start_time_utc": "2026-03-05T12:33:40.069"
      },
      "input": [
         {
            "url": "/home/jjimenezq/projects/gw-sens-sim/output_sim/GW190412/dl3_LST-1.Run00001.fits",
            "role": null
         },
         {
            "url": "/home/jjimenezq/projects/gw-sens-sim/output_sim/GW190412/dl3_LST-1.Run00002.fits",
            "role": null
         },
         {
            "url": "/home/jjimenezq/projects/gw-sens-sim/output_sim/GW190412/dl3_LST-1.Run00003.fits",
            "role": null
         },
         {
            "url": "/home/jjimenezq/projects/gw-sens-sim/output_sim/GW190412/dl3_LST-1.Run00004.fits",
            "role": null
         }
      ],
      "output": [
         {
            "url": "/home/jjimenezq/projects/gw-sens-sim/output_sim/GW190412/hdu-index.fits.gz",
            "role": null
         },
         {
            "url": "/home/jjimenezq/projects/gw-sens-sim/output_sim/GW190412/obs-index.fits.gz",
            "role": null
         }
      ],
      "config": {
         "FITSIndexWriter": {
            "config_files": [],
            "file_pattern": "dl3*fits",
            "input_dl3_dir": "/home/jjimenezq/projects/gw-sens-sim/output_sim/GW190412",
            "log_config": {},
            "log_datefmt": "%Y-%m-%d %H:%M:%S",
            "log_file": null,
            "log_file_level": "INFO",
            "log_format": "[%(name)s]%(highlevel)s %(message)s",
            "log_level": 30,
            "logging_config": {},
            "output_index_path": "/home/jjimenezq/projects/gw-sens-sim/output_sim/GW190412",
            "overwrite": true,
            "provenance_log": "/home/jjimenezq/projects/gw-sens-sim/output_sim/GW190412/FITSIndexWriter.provenance.log",
            "quiet": false,
            "show_config": false,
            "show_config_json": false
         }
      },
      "status": "completed",
      "duration_min": 0.0027000000000576563
   }
][
   {
      "activity_name": "FITSIndexWriter",
      "activity_uuid": "fc259c34-6940-4101-8856-35b8592d5e2e",
      "start": {
         "time_utc": "2026-03-05T13:29:27.615"
      },
      "stop": {
         "time_utc": "2026-03-05T13:29:27.772"
      },
      "system": {
         "ctapipe_version": "0.19.3",
         "ctapipe_resources_version": "not installed",
         "eventio_version": "1.16.1",
         "ctapipe_svc_path": null,
         "executable": "/home/jjimenezq/anaconda3/envs/tilepyenv/bin/python3.11",
         "platform": {
            "architecture_bits": "64bit",
            "architecture_linkage": "ELF",
            "machine": "x86_64",
            "processor": "x86_64",
            "node": "juan",
            "version": "#101~22.04.1-Ubuntu SMP PREEMPT_DYNAMIC Wed Feb 11 13:19:54 UTC ",
            "system": "Linux",
            "release": "6.8.0-101-generic",
            "libcver": [
               "glibc",
               "2.35"
            ],
            "n_cpus": 12,
            "boot_time": "2026-02-27T21:00:22.000"
         },
         "python": {
            "version_string": "3.11.14 | packaged by conda-forge | (main, Jan 26 2026, 23:48:32) [GCC 14.3.0]",
            "version": [
               "3",
               "11",
               "14"
            ],
            "compiler": "GCC 14.3.0",
            "implementation": "CPython",
            "packages": [
               {
                  "name": "BAccMod",
                  "version": "0.4.0"
               },
               {
                  "name": "Bottleneck",
                  "version": "1.6.0"
               },
               {
                  "name": "Brotli",
                  "version": "1.2.0"
               },
               {
                  "name": "Deprecated",
                  "version": "1.3.1"
               },
               {
                  "name": "Jinja2",
                  "version": "3.0.3"
               },
               {
                  "name": "MarkupSafe",
                  "version": "3.0.3"
               },
               {
                  "name": "PIMS",
                  "version": "0.7"
               },
               {
                  "name": "PyAVM",
                  "version": "0.9.8"
               },
               {
                  "name": "PyJWT",
                  "version": "2.11.0"
               },
               {
                  "name": "PyNaCl",
                  "version": "1.6.2"
               },
               {
                  "name": "PyQt5",
                  "version": "5.15.11"
               },
               {
                  "name": "PyQt5_sip",
                  "version": "12.17.0"
               },
               {
                  "name": "PySocks",
                  "version": "1.7.1"
               },
               {
                  "name": "PyYAML",
                  "version": "6.0.3"
               },
               {
                  "name": "Pygments",
                  "version": "2.19.2"
               },
               {
                  "name": "SciPy",
                  "version": "1.11.4"
               },
               {
                  "name": "SecretStorage",
                  "version": "3.4.1"
               },
               {
                  "name": "Send2Trash",
                  "version": "2.1.0"
               },
               {
                  "name": "aiobotocore",
                  "version": "3.2.0"
               },
               {
                  "name": "aiohappyeyeballs",
                  "version": "2.6.1"
               },
               {
                  "name": "aiohttp",
                  "version": "3.13.3"
               },
               {
                  "name": "aioitertools",
                  "version": "0.13.0"
               },
               {
                  "name": "aiosignal",
                  "version": "1.4.0"
               },
               {
                  "name": "annotated-types",
                  "version": "0.7.0"
               },
               {
                  "name": "anyio",
                  "version": "4.12.1"
               },
               {
                  "name": "argon2-cffi",
                  "version": "25.1.0"
               },
               {
                  "name": "argon2-cffi-bindings",
                  "version": "25.1.0"
               },
               {
                  "name": "arrow",
                  "version": "1.4.0"
               },
               {
                  "name": "astroplan",
                  "version": "0.10.1"
               },
               {
                  "name": "astropy",
                  "version": "5.3.4"
               },
               {
                  "name": "astropy-iers-data",
                  "version": "0.2026.2.23.0.48.33"
               },
               {
                  "name": "astropy_healpix",
                  "version": "1.1.3"
               },
               {
                  "name": "astroquery",
                  "version": "0.4.11"
               },
               {
                  "name": "asttokens",
                  "version": "3.0.1"
               },
               {
                  "name": "async-lru",
                  "version": "2.2.0"
               },
               {
                  "name": "attrs",
                  "version": "25.4.0"
               },
               {
                  "name": "autocommand",
                  "version": "2.2.2"
               },
               {
                  "name": "babel",
                  "version": "2.18.0"
               },
               {
                  "name": "backports.tarfile",
                  "version": "1.2.0"
               },
               {
                  "name": "backports.tarfile",
                  "version": "1.2.0"
               },
               {
                  "name": "backports.zstd",
                  "version": "1.3.0"
               },
               {
                  "name": "bcrypt",
                  "version": "5.0.0"
               },
               {
                  "name": "beautifulsoup4",
                  "version": "4.14.3"
               },
               {
                  "name": "black",
                  "version": "26.1.0"
               },
               {
                  "name": "bleach",
                  "version": "6.3.0"
               },
               {
                  "name": "blosc2",
                  "version": "4.1.1"
               },
               {
                  "name": "bokeh",
                  "version": "2.4.3"
               },
               {
                  "name": "botocore",
                  "version": "1.42.55"
               },
               {
                  "name": "bqplot",
                  "version": "0.12.45"
               },
               {
                  "name": "cached-property",
                  "version": "1.5.2"
               },
               {
                  "name": "cdshealpix",
                  "version": "0.8.0"
               },
               {
                  "name": "certifi",
                  "version": "2026.2.25"
               },
               {
                  "name": "cffi",
                  "version": "2.0.0"
               },
               {
                  "name": "charset-normalizer",
                  "version": "3.4.4"
               },
               {
                  "name": "click",
                  "version": "8.3.1"
               },
               {
                  "name": "cloudpickle",
                  "version": "3.1.2"
               },
               {
                  "name": "colorama",
                  "version": "0.4.6"
               },
               {
                  "name": "comm",
                  "version": "0.2.3"
               },
               {
                  "name": "contourpy",
                  "version": "1.3.3"
               },
               {
                  "name": "corsikaio",
                  "version": "0.5.0"
               },
               {
                  "name": "coverage",
                  "version": "7.13.4"
               },
               {
                  "name": "cramjam",
                  "version": "2.11.0"
               },
               {
                  "name": "cryptography",
                  "version": "46.0.5"
               },
               {
                  "name": "ctapipe",
                  "version": "0.19.3"
               },
               {
                  "name": "ctapipe_io_lst",
                  "version": "0.22.6"
               },
               {
                  "name": "ctaplot",
                  "version": "0.6.5"
               },
               {
                  "name": "cycler",
                  "version": "0.12.1"
               },
               {
                  "name": "cytoolz",
                  "version": "1.1.0"
               },
               {
                  "name": "dask",
                  "version": "2023.3.0"
               },
               {
                  "name": "dask-image",
                  "version": "0.0.0"
               },
               {
                  "name": "dateparser",
                  "version": "1.3.0"
               },
               {
                  "name": "debugpy",
                  "version": "1.8.20"
               },
               {
                  "name": "decorator",
                  "version": "5.2.1"
               },
               {
                  "name": "defusedxml",
                  "version": "0.7.1"
               },
               {
                  "name": "distributed",
                  "version": "2023.3.0"
               },
               {
                  "name": "dnspython",
                  "version": "2.8.0"
               },
               {
                  "name": "docutils",
                  "version": "0.22.4"
               },
               {
                  "name": "donfig",
                  "version": "0.8.1.post1"
               },
               {
                  "name": "dqsegdb2",
                  "version": "1.3.0"
               },
               {
                  "name": "ephem",
                  "version": "4.2.1"
               },
               {
                  "name": "eventio",
                  "version": "1.16.1"
               },
               {
                  "name": "exceptiongroup",
                  "version": "1.3.1"
               },
               {
                  "name": "executing",
                  "version": "2.2.1"
               },
               {
                  "name": "fastjsonschema",
                  "version": "2.21.2"
               },
               {
                  "name": "fastparquet",
                  "version": "2025.12.0"
               },
               {
                  "name": "fonttools",
                  "version": "4.61.1"
               },
               {
                  "name": "fqdn",
                  "version": "1.5.1"
               },
               {
                  "name": "frozenlist",
                  "version": "1.7.0"
               },
               {
                  "name": "fsspec",
                  "version": "2026.2.0"
               },
               {
                  "name": "future",
                  "version": "1.0.0"
               },
               {
                  "name": "gammapy",
                  "version": "1.3"
               },
               {
                  "name": "gammapy",
                  "version": "2.0.1"
               },
               {
                  "name": "gast",
                  "version": "0.4.0"
               },
               {
                  "name": "gdpyc",
                  "version": "1.1"
               },
               {
                  "name": "google-crc32c",
                  "version": "1.8.0"
               },
               {
                  "name": "gssapi",
                  "version": "1.11.1"
               },
               {
                  "name": "gwdatafind",
                  "version": "2.1.1"
               },
               {
                  "name": "gwosc",
                  "version": "0.8.1"
               },
               {
                  "name": "gwpy",
                  "version": "3.0.14"
               },
               {
                  "name": "h11",
                  "version": "0.16.0"
               },
               {
                  "name": "h2",
                  "version": "4.3.0"
               },
               {
                  "name": "h5py",
                  "version": "3.15.1"
               },
               {
                  "name": "healpy",
                  "version": "1.16.2"
               },
               {
                  "name": "hpack",
                  "version": "4.1.0"
               },
               {
                  "name": "htgettoken",
                  "version": "2.6"
               },
               {
                  "name": "html5lib",
                  "version": "1.1"
               },
               {
                  "name": "httpcore",
                  "version": "1.0.9"
               },
               {
                  "name": "httpx",
                  "version": "0.28.1"
               },
               {
                  "name": "hyperframe",
                  "version": "6.1.0"
               },
               {
                  "name": "idna",
                  "version": "3.11"
               },
               {
                  "name": "igwn-auth-utils",
                  "version": "1.4.0"
               },
               {
                  "name": "igwn-ligolw",
                  "version": "2.1.1"
               },
               {
                  "name": "igwn-segments",
                  "version": "2.1.1"
               },
               {
                  "name": "imagecodecs",
                  "version": "2026.1.14"
               },
               {
                  "name": "imageio",
                  "version": "2.37.0"
               },
               {
                  "name": "iminuit",
                  "version": "2.32.0"
               },
               {
                  "name": "importlib_metadata",
                  "version": "8.7.0"
               },
               {
                  "name": "importlib_metadata",
                  "version": "8.7.1"
               },
               {
                  "name": "importlib_resources",
                  "version": "6.5.2"
               },
               {
                  "name": "iniconfig",
                  "version": "2.3.0"
               },
               {
                  "name": "invoke",
                  "version": "2.2.1"
               },
               {
                  "name": "ipydatagrid",
                  "version": "1.4.0"
               },
               {
                  "name": "ipykernel",
                  "version": "7.2.0"
               },
               {
                  "name": "ipympl",
                  "version": "0.10.0"
               },
               {
                  "name": "ipython",
                  "version": "9.10.0"
               },
               {
                  "name": "ipython_pygments_lexers",
                  "version": "1.1.1"
               },
               {
                  "name": "ipywidgets",
                  "version": "8.1.8"
               },
               {
                  "name": "isodate",
                  "version": "0.7.2"
               },
               {
                  "name": "isoduration",
                  "version": "20.11.0"
               },
               {
                  "name": "jaraco.classes",
                  "version": "3.4.0"
               },
               {
                  "name": "jaraco.context",
                  "version": "6.1.0"
               },
               {
                  "name": "jaraco.context",
                  "version": "6.1.0"
               },
               {
                  "name": "jaraco.functools",
                  "version": "4.4.0"
               },
               {
                  "name": "jaraco.functools",
                  "version": "4.4.0"
               },
               {
                  "name": "jaraco.text",
                  "version": "4.0.0"
               },
               {
                  "name": "jedi",
                  "version": "0.19.2"
               },
               {
                  "name": "jeepney",
                  "version": "0.9.0"
               },
               {
                  "name": "jmespath",
                  "version": "1.1.0"
               },
               {
                  "name": "joblib",
                  "version": "1.2.0"
               },
               {
                  "name": "joblib",
                  "version": "1.5.3"
               },
               {
                  "name": "jplephem",
                  "version": "2.24"
               },
               {
                  "name": "json5",
                  "version": "0.13.0"
               },
               {
                  "name": "json_tricks",
                  "version": "3.17.3"
               },
               {
                  "name": "jsonpointer",
                  "version": "3.0.0"
               },
               {
                  "name": "jsonschema",
                  "version": "4.26.0"
               },
               {
                  "name": "jsonschema-specifications",
                  "version": "2025.9.1"
               },
               {
                  "name": "jupyter",
                  "version": "1.1.1"
               },
               {
                  "name": "jupyter-console",
                  "version": "6.6.3"
               },
               {
                  "name": "jupyter-events",
                  "version": "0.12.0"
               },
               {
                  "name": "jupyter-lsp",
                  "version": "2.3.0"
               },
               {
                  "name": "jupyter_client",
                  "version": "8.8.0"
               },
               {
                  "name": "jupyter_core",
                  "version": "5.9.1"
               },
               {
                  "name": "jupyter_server",
                  "version": "2.17.0"
               },
               {
                  "name": "jupyter_server_terminals",
                  "version": "0.5.4"
               },
               {
                  "name": "jupyterlab",
                  "version": "4.5.5"
               },
               {
                  "name": "jupyterlab_pygments",
                  "version": "0.3.0"
               },
               {
                  "name": "jupyterlab_server",
                  "version": "2.28.0"
               },
               {
                  "name": "jupyterlab_widgets",
                  "version": "3.0.16"
               },
               {
                  "name": "keyring",
                  "version": "25.7.0"
               },
               {
                  "name": "kiwisolver",
                  "version": "1.4.9"
               },
               {
                  "name": "lark",
                  "version": "1.3.1"
               },
               {
                  "name": "ligo-gracedb",
                  "version": "2.14.3"
               },
               {
                  "name": "ligo-segments",
                  "version": "1.4.0"
               },
               {
                  "name": "ligo.skymap",
                  "version": "2.0.0"
               },
               {
                  "name": "ligotimegps",
                  "version": "2.1.0"
               },
               {
                  "name": "llvmlite",
                  "version": "0.46.0"
               },
               {
                  "name": "locket",
                  "version": "1.0.0"
               },
               {
                  "name": "lscsoft-glue",
                  "version": "4.1.1"
               },
               {
                  "name": "lstchain",
                  "version": "0.10.7"
               },
               {
                  "name": "lz4",
                  "version": "4.4.5"
               },
               {
                  "name": "matplotlib",
                  "version": "3.7.3"
               },
               {
                  "name": "matplotlib-inline",
                  "version": "0.2.1"
               },
               {
                  "name": "mhealpy",
                  "version": "0.3.7"
               },
               {
                  "name": "minio",
                  "version": "7.2.20"
               },
               {
                  "name": "mistune",
                  "version": "3.2.0"
               },
               {
                  "name": "mocpy",
                  "version": "0.19.1"
               },
               {
                  "name": "more-itertools",
                  "version": "10.8.0"
               },
               {
                  "name": "more-itertools",
                  "version": "10.8.0"
               },
               {
                  "name": "mpmath",
                  "version": "1.4.0"
               },
               {
                  "name": "msgpack",
                  "version": "1.1.2"
               },
               {
                  "name": "multidict",
                  "version": "6.7.1"
               },
               {
                  "name": "munkres",
                  "version": "1.1.4"
               },
               {
                  "name": "mypy_extensions",
                  "version": "1.1.0"
               },
               {
                  "name": "narwhals",
                  "version": "2.17.0"
               },
               {
                  "name": "nbclient",
                  "version": "0.10.4"
               },
               {
                  "name": "nbconvert",
                  "version": "7.17.0"
               },
               {
                  "name": "nbformat",
                  "version": "5.10.4"
               },
               {
                  "name": "ndindex",
                  "version": "1.10.1"
               },
               {
                  "name": "nest_asyncio",
                  "version": "1.6.0"
               },
               {
                  "name": "networkx",
                  "version": "3.4.2"
               },
               {
                  "name": "notebook",
                  "version": "7.5.4"
               },
               {
                  "name": "notebook_shim",
                  "version": "0.2.4"
               },
               {
                  "name": "numba",
                  "version": "0.64.0"
               },
               {
                  "name": "numcodecs",
                  "version": "0.16.5"
               },
               {
                  "name": "numexpr",
                  "version": "2.14.1"
               },
               {
                  "name": "numpy",
                  "version": "1.26.4"
               },
               {
                  "name": "oda_api",
                  "version": "1.2.28"
               },
               {
                  "name": "overrides",
                  "version": "7.7.0"
               },
               {
                  "name": "packaging",
                  "version": "26.0"
               },
               {
                  "name": "packaging",
                  "version": "26.0"
               },
               {
                  "name": "pandas",
                  "version": "2.3.3"
               },
               {
                  "name": "pandocfilters",
                  "version": "1.5.0"
               },
               {
                  "name": "paramiko",
                  "version": "4.0.0"
               },
               {
                  "name": "parso",
                  "version": "0.8.6"
               },
               {
                  "name": "partd",
                  "version": "1.4.2"
               },
               {
                  "name": "pathspec",
                  "version": "1.0.4"
               },
               {
                  "name": "patsy",
                  "version": "1.0.2"
               },
               {
                  "name": "pexpect",
                  "version": "4.9.0"
               },
               {
                  "name": "pillow",
                  "version": "12.1.1"
               },
               {
                  "name": "pip",
                  "version": "26.0.1"
               },
               {
                  "name": "platformdirs",
                  "version": "4.9.2"
               },
               {
                  "name": "platformdirs",
                  "version": "4.4.0"
               },
               {
                  "name": "pluggy",
                  "version": "1.6.0"
               },
               {
                  "name": "ply",
                  "version": "3.11"
               },
               {
                  "name": "prometheus_client",
                  "version": "0.24.1"
               },
               {
                  "name": "prompt_toolkit",
                  "version": "3.0.52"
               },
               {
                  "name": "propcache",
                  "version": "0.3.1"
               },
               {
                  "name": "protobuf",
                  "version": "3.20.3"
               },
               {
                  "name": "protozfits",
                  "version": "2.3.0"
               },
               {
                  "name": "psutil",
                  "version": "7.2.2"
               },
               {
                  "name": "ptemcee",
                  "version": "1.0.0"
               },
               {
                  "name": "ptyprocess",
                  "version": "0.7.0"
               },
               {
                  "name": "pure_eval",
                  "version": "0.2.3"
               },
               {
                  "name": "py-cpuinfo",
                  "version": "9.0.0"
               },
               {
                  "name": "py2vega",
                  "version": "0.6.1"
               },
               {
                  "name": "pycparser",
                  "version": "2.22"
               },
               {
                  "name": "pycryptodome",
                  "version": "3.23.0"
               },
               {
                  "name": "pydantic",
                  "version": "2.12.5"
               },
               {
                  "name": "pydantic_core",
                  "version": "2.41.5"
               },
               {
                  "name": "pyerfa",
                  "version": "2.0.1.5"
               },
               {
                  "name": "pyirf",
                  "version": "0.10.1"
               },
               {
                  "name": "pymongo",
                  "version": "4.16.0"
               },
               {
                  "name": "pyparsing",
                  "version": "3.3.2"
               },
               {
                  "name": "pytest",
                  "version": "9.0.2"
               },
               {
                  "name": "pytest-cov",
                  "version": "7.0.0"
               },
               {
                  "name": "pytest-runner",
                  "version": "6.0.0"
               },
               {
                  "name": "python-dateutil",
                  "version": "2.9.0.post0"
               },
               {
                  "name": "python-json-logger",
                  "version": "2.0.7"
               },
               {
                  "name": "python-ligo-lw",
                  "version": "1.8.3"
               },
               {
                  "name": "pytokens",
                  "version": "0.4.1"
               },
               {
                  "name": "pytz",
                  "version": "2025.2"
               },
               {
                  "name": "pyvo",
                  "version": "1.8.1"
               },
               {
                  "name": "pyzmq",
                  "version": "27.1.0"
               },
               {
                  "name": "rdflib",
                  "version": "7.6.0"
               },
               {
                  "name": "referencing",
                  "version": "0.37.0"
               },
               {
                  "name": "regex",
                  "version": "2026.2.28"
               },
               {
                  "name": "regions",
                  "version": "0.10"
               },
               {
                  "name": "reproject",
                  "version": "0.18.0"
               },
               {
                  "name": "requests",
                  "version": "2.32.5"
               },
               {
                  "name": "rfc3339_validator",
                  "version": "0.1.4"
               },
               {
                  "name": "rfc3986-validator",
                  "version": "0.1.1"
               },
               {
                  "name": "rfc3987-syntax",
                  "version": "1.1.0"
               },
               {
                  "name": "rpds-py",
                  "version": "0.30.0"
               },
               {
                  "name": "s3fs",
                  "version": "2026.2.0"
               },
               {
                  "name": "safe-netrc",
                  "version": "1.0.1"
               },
               {
                  "name": "scikit-learn",
                  "version": "1.7.2"
               },
               {
                  "name": "scikit-learn",
                  "version": "1.8.0"
               },
               {
                  "name": "scitokens",
                  "version": "1.8.1"
               },
               {
                  "name": "seaborn",
                  "version": "0.13.2"
               },
               {
                  "name": "setuptools",
                  "version": "69.5.1"
               },
               {
                  "name": "setuptools",
                  "version": "82.0.0"
               },
               {
                  "name": "setuptools-scm",
                  "version": "9.2.2"
               },
               {
                  "name": "sgp4",
                  "version": "2.25"
               },
               {
                  "name": "shapely",
                  "version": "2.1.2"
               },
               {
                  "name": "sip",
                  "version": "6.10.0"
               },
               {
                  "name": "six",
                  "version": "1.17.0"
               },
               {
                  "name": "skyfield",
                  "version": "1.54"
               },
               {
                  "name": "slicerator",
                  "version": "1.1.0"
               },
               {
                  "name": "sniffio",
                  "version": "1.3.1"
               },
               {
                  "name": "sortedcontainers",
                  "version": "2.4.0"
               },
               {
                  "name": "soupsieve",
                  "version": "2.8.3"
               },
               {
                  "name": "stack_data",
                  "version": "0.6.3"
               },
               {
                  "name": "statsmodels",
                  "version": "0.14.6"
               },
               {
                  "name": "tables",
                  "version": "3.11.1"
               },
               {
                  "name": "tblib",
                  "version": "3.2.2"
               },
               {
                  "name": "terminado",
                  "version": "0.18.1"
               },
               {
                  "name": "threadpoolctl",
                  "version": "3.6.0"
               },
               {
                  "name": "tifffile",
                  "version": "2026.2.24"
               },
               {
                  "name": "tilepy",
                  "version": "3.0.2.dev47+g31c804d84"
               },
               {
                  "name": "tinycss2",
                  "version": "1.4.0"
               },
               {
                  "name": "toml",
                  "version": "0.10.2"
               },
               {
                  "name": "tomli",
                  "version": "2.4.0"
               },
               {
                  "name": "tomli",
                  "version": "2.4.0"
               },
               {
                  "name": "toolz",
                  "version": "1.1.0"
               },
               {
                  "name": "tornado",
                  "version": "6.5.4"
               },
               {
                  "name": "tqdm",
                  "version": "4.67.3"
               },
               {
                  "name": "traitlets",
                  "version": "5.14.3"
               },
               {
                  "name": "traittypes",
                  "version": "0.2.3"
               },
               {
                  "name": "typing-inspection",
                  "version": "0.4.2"
               },
               {
                  "name": "typing_extensions",
                  "version": "4.15.0"
               },
               {
                  "name": "typing_utils",
                  "version": "0.1.0"
               },
               {
                  "name": "tzdata",
                  "version": "2025.3"
               },
               {
                  "name": "tzlocal",
                  "version": "5.3.1"
               },
               {
                  "name": "uncompresspy",
                  "version": "0.4.1"
               },
               {
                  "name": "unicodedata2",
                  "version": "17.0.1"
               },
               {
                  "name": "uri-template",
                  "version": "1.3.0"
               },
               {
                  "name": "urllib3",
                  "version": "2.6.3"
               },
               {
                  "name": "wcwidth",
                  "version": "0.6.0"
               },
               {
                  "name": "webcolors",
                  "version": "25.10.0"
               },
               {
                  "name": "webencodings",
                  "version": "0.5.1"
               },
               {
                  "name": "websocket-client",
                  "version": "1.9.0"
               },
               {
                  "name": "wheel",
                  "version": "0.46.3"
               },
               {
                  "name": "wheel",
                  "version": "0.46.3"
               },
               {
                  "name": "widgetsnbextension",
                  "version": "4.0.15"
               },
               {
                  "name": "wrapt",
                  "version": "2.1.1"
               },
               {
                  "name": "xyzservices",
                  "version": "2025.11.0"
               },
               {
                  "name": "yarl",
                  "version": "1.23.0"
               },
               {
                  "name": "zarr",
                  "version": "3.1.5"
               },
               {
                  "name": "zict",
                  "version": "3.0.0"
               },
               {
                  "name": "zipp",
                  "version": "3.23.0"
               },
               {
                  "name": "zipp",
                  "version": "3.23.0"
               },
               {
                  "name": "zstandard",
                  "version": "0.25.0"
               }
            ]
         },
         "environment": {
            "CONDA_DEFAULT_ENV": "tilepyenv",
            "CONDA_PREFIX": "/home/jjimenezq/anaconda3/envs/tilepyenv",
            "CONDA_PYTHON_EXE": "/home/jjimenezq/anaconda3/bin/python",
            "CONDA_EXE": "/home/jjimenezq/anaconda3/bin/conda",
            "CONDA_PROMPT_MODIFIER": "(tilepyenv) ",
            "CONDA_SHLVL": "2",
            "PATH": "/home/jjimenezq/anaconda3/envs/tilepyenv/bin:/home/jjimenezq/anaconda3/condabin:/home/jjimenezq/bin:/usr/local/sbin:/usr/local/bin:/usr/sbin:/usr/bin:/sbin:/bin:/usr/games:/usr/local/games:/snap/bin:/snap/bin",
            "LD_LIBRARY_PATH": null,
            "DYLD_LIBRARY_PATH": null,
            "USER": "jjimenezq",
            "HOME": "/home/jjimenezq",
            "SHELL": "/bin/bash"
         },
         "arguments": [
            "/home/jjimenezq/anaconda3/envs/tilepyenv/bin/lstchain_create_dl3_index_files",
            "--input-dl3-dir=output_sim/GW190412",
            "--file-pattern=dl3*fits",
            "--overwrite"
         ],
         "start_time_utc": "2026-03-05T13:29:27.733"
      },
      "input": [
         {
            "url": "/home/jjimenezq/projects/gw-sens-sim/output_sim/GW190412/dl3_LST-1.Run00001.fits",
            "role": null
         },
         {
            "url": "/home/jjimenezq/projects/gw-sens-sim/output_sim/GW190412/dl3_LST-1.Run00002.fits",
            "role": null
         },
         {
            "url": "/home/jjimenezq/projects/gw-sens-sim/output_sim/GW190412/dl3_LST-1.Run00003.fits",
            "role": null
         },
         {
            "url": "/home/jjimenezq/projects/gw-sens-sim/output_sim/GW190412/dl3_LST-1.Run00004.fits",
            "role": null
         }
      ],
      "output": [
         {
            "url": "/home/jjimenezq/projects/gw-sens-sim/output_sim/GW190412/hdu-index.fits.gz",
            "role": null
         },
         {
            "url": "/home/jjimenezq/projects/gw-sens-sim/output_sim/GW190412/obs-index.fits.gz",
            "role": null
         }
      ],
      "config": {
         "FITSIndexWriter": {
            "config_files": [],
            "file_pattern": "dl3*fits",
            "input_dl3_dir": "/home/jjimenezq/projects/gw-sens-sim/output_sim/GW190412",
            "log_config": {},
            "log_datefmt": "%Y-%m-%d %H:%M:%S",
            "log_file": null,
            "log_file_level": "INFO",
            "log_format": "[%(name)s]%(highlevel)s %(message)s",
            "log_level": 30,
            "logging_config": {},
            "output_index_path": "/home/jjimenezq/projects/gw-sens-sim/output_sim/GW190412",
            "overwrite": true,
            "provenance_log": "/home/jjimenezq/projects/gw-sens-sim/output_sim/GW190412/FITSIndexWriter.provenance.log",
            "quiet": false,
            "show_config": false,
            "show_config_json": false
         }
      },
      "status": "completed",
      "duration_min": 0.002616666666543921
   }
]